main.c:85:12:diftep	24	static
main.c:100:5:main	128	static
main.c:208:6:SystemClock_Config	88	static
main.c:251:13:MX_ADC1_Init	24	static
main.c:296:13:MX_ADC2_Init	24	static
main.c:341:13:MX_SPI1_Init	8	static
main.c:379:13:MX_GPIO_Init	32	static
main.c:410:16:adRead	16	static
main.c:415:13:next	16	static
main.c:418:13:init	24	static
main.c:425:13:writeBuffer	16	static
main.c:429:12:calcMedia	24	static
main.c:436:12:getTemp	16	static
main.c:439:12:difTemp	32	static
main.c:443:13:writeSafe	24	static
main.c:448:12:getSafe	24	static
main.c:454:13:writeSerialSafe	16	static
main.c:468:6:StartSensor01Task	16	static
main.c:487:6:StartSensor02Task	16	static
main.c:506:6:StartdisplayTask	24	static
main.c:540:6:HAL_TIM_PeriodElapsedCallback	16	static
main.c:557:6:Error_Handler	4	static
